.. _moduleDuration:

music21.duration
================

.. WARNING: DO NOT EDIT THIS FILE: AUTOMATICALLY GENERATED

.. module:: music21.duration



.. function:: convertQuarterLengthToType(qLen)

similar to quarterLengthToClosestType but only returns exact matches 

>>> convertQuarterLengthToType(2)
'half' 
>>> convertQuarterLengthToType(0.125)
'32nd' 

.. function:: convertTypeToNumber(dType)



>>> convertTypeToNumber('quarter')
4 
>>> convertTypeToNumber('half')
2 

.. function:: convertTypeToQuarterLength(dType, dots=0, tuplets=[], dotGroups=[])

Given a rhythm type, number of dots, and list of Tuplet objects, give its quarter length. 

>>> convertTypeToQuarterLength('whole')
4.0 
>>> convertTypeToQuarterLength('16th')
0.25 
>>> convertTypeToQuarterLength('quarter', 2)
1.75 
Also can handle those rare medieval dot groups (such as dotted-dotted half notes that take a full measure of 9/8). 
>>> convertTypeToQuarterLength('half', dotGroups = [1,1])
4.5 

.. function:: dottedMatch(qLen, maxDots=4)

given a qLen, determine if there is a dotted (or non-dotted) type that exactly matches.  Returns (numDots, type) or (False, False) if non matches exactly. Returns a maximum of four dots by default. 

>>> dottedMatch(3.0)
(1, 'half') 
>>> dottedMatch(1.75)
(2, 'quarter') 
This value is not equal to any dotted note length 
>>> dottedMatch(1.6)
(False, False) 
maxDots can be lowered for certain searches 
>>> dottedMatch(1.875)
(3, 'quarter') 
>>> dottedMatch(1.875, 2)
(False, False) 



.. function:: musicXMLTypeToType(value)

Convert a MusicXML type to an m21 type. 

>>> musicXMLTypeToType('long')
'longa' 
>>> musicXMLTypeToType('quarter')
'quarter' 
>>> musicXMLTypeToType(None)
Traceback (most recent call last): 
DurationException... 

.. function:: nextLargerType(durType)

given a type return the next larger one: 

>>> nextLargerType("16th")
'eighth' 
>>> nextLargerType("whole")
'breve' 

.. function:: partitionQuarterLength(qLen, qLenDiv=4)

Given a quarterLength and a base quarterLength to divide it into (default 4 = whole notes), return a list of Durations that partition the given quarterLength after each division. (Little demonstration method) 

>>> def pql(qLen, qLenDiv):
...    partitionList = partitionQuarterLength(qLen, qLenDiv) 
...    for dur in partitionList: 
...        print(unitSpec(dur)) 


>>> pql(2.5,.5)
(0.5, 'eighth', 0, None, None, None) 
(0.5, 'eighth', 0, None, None, None) 
(0.5, 'eighth', 0, None, None, None) 
(0.5, 'eighth', 0, None, None, None) 
(0.5, 'eighth', 0, None, None, None) 
Dividing 5 qLen into 2.5 qLen bundles 
>>> pql(5, 2.5)
(2.0, 'half', 0, None, None, None) 
(0.5, 'eighth', 0, None, None, None) 
(2.0, 'half', 0, None, None, None) 
(0.5, 'eighth', 0, None, None, None) 
Dividing 5.25 qLen into dotted halves 
>>> pql(5.25,3)
(3.0, 'half', 1, None, None, None) 
(2.0, 'half', 0, None, None, None) 
(0.25, '16th', 0, None, None, None) 
Dividing 1.33333 qLen into triplet eighths: 
>>> pql(4.0/3.0, 1.0/3.0)
(0.333..., 'eighth', 0, 3, 2, 'eighth') 
(0.333..., 'eighth', 0, 3, 2, 'eighth') 
(0.333..., 'eighth', 0, 3, 2, 'eighth') 
(0.333..., 'eighth', 0, 3, 2, 'eighth') 
Dividing 1.5 into triplet eighths 
>>> pql(1.5,.33333333333333)
(0.333..., 'eighth', 0, 3, 2, 'eighth') 
(0.333..., 'eighth', 0, 3, 2, 'eighth') 
(0.333..., 'eighth', 0, 3, 2, 'eighth') 
(0.333..., 'eighth', 0, 3, 2, 'eighth') 
(0.1666..., '16th', 0, 3, 2, '16th') 
No problem if the division unit is larger then the source duration. 
>>> pql(1.5, 4)
(1.5, 'quarter', 1, None, None, None) 



.. function:: quarterLengthToClosestType(qLen)

## was quarterLengthToTypeCandidate Returns a two-unit tuple consisting of 1. the type string ("quarter") that is smaller than or equal to the qLen 2. bool, True or False whether the conversion was exact. 

>>> quarterLengthToClosestType(.5)
('eighth', True) 
>>> quarterLengthToClosestType(.75)
('eighth', False) 
>>> quarterLengthToClosestType(1.8)
('quarter', False) 

.. function:: quarterLengthToDurations(qLen)

Returns a List of new Durations (each with only a single component) given a quarter length. For many simple quarterLengths, the list will have only a single element.  However, for more complex durations, the list could contain several durations (presumably to be tied to each other). (n.b. all quarterLengths can, technically, be notated as a single unit given a complex enough tuplet, but we don't like doing that). This is mainly a utility function.  Much faster for many purposes is: d = Duration() d.quarterLength = 251.231312 and then let Duration automatically create Duration Components as necessary. These examples use unitSpec() to get a concise summary of the contents 

>>> unitSpec(quarterLengthToDurations(2))
[(2.0, 'half', 0, None, None, None)] 
dots are supported 
>>> unitSpec(quarterLengthToDurations(3))
[(3.0, 'half', 1, None, None, None)] 
>>> unitSpec(quarterLengthToDurations(6.0))
[(6.0, 'whole', 1, None, None, None)] 
Double and triple dotted half note. 
>>> unitSpec(quarterLengthToDurations(3.5))
[(3.5, 'half', 2, None, None, None)] 
>>> unitSpec(quarterLengthToDurations(3.75))
[(3.75, 'half', 3, None, None, None)] 
A triplet quarter note, lasting .6666 qLen 
Or, a quarter that is 1/3 of a half. 
Or, a quarter that is 2/3 of a quarter. 
>>> unitSpec(quarterLengthToDurations(2.0/3.0))
[(0.666..., 'quarter', 0, 3, 2, 'quarter')] 
A triplet eighth note, where 3 eights are in the place of 2. 
Or, an eighth that is 1/3 of a quarter 
Or, an eighth that is 2/3 of eighth 
>>> post = unitSpec(quarterLengthToDurations(.3333333))
>>> common.almostEquals(post[0][0], .3333333)
True 
>>> post[0][1:]
('eighth', 0, 3, 2, 'eighth') 
A half that is 1/3 of a whole, or a triplet half note. 
Or, a half that is 2/3 of a half 
>>> unitSpec(quarterLengthToDurations(4.0/3.0))
[(1.33..., 'half', 0, 3, 2, 'half')] 
A sixteenth that is 1/5 of a quarter 
Or, a sixteenth that is 4/5ths of a 16th 
>>> unitSpec(quarterLengthToDurations(1.0/5.0))
[(0.2..., '16th', 0, 5, 4, '16th')] 
A 16th that is  1/7th of a quarter 
Or, a 16th that is 4/7 of a 16th 
>>> unitSpec(quarterLengthToDurations(1.0/7.0))
[(0.142857..., '16th', 0, 7, 4, '16th')] 
A 4/7ths of a whole note, or 
A quarter that is 4/7th of of a quarter 
>>> unitSpec(quarterLengthToDurations(4.0/7.0))
[(0.571428..., 'quarter', 0, 7, 4, 'quarter')] 
If a duration is not containable in a single unit, the method 
will break off the largest type that fits within this type 
and recurse, adding as my units as necessary. 
>>> unitSpec(quarterLengthToDurations(2.5))
[(2.0, 'half', 0, None, None, None), (0.5, 'eighth', 0, None, None, None)] 
>>> unitSpec(quarterLengthToDurations(2.3333333))
[(2.0, 'half', 0, None, None, None), (0.333..., 'eighth', 0, 3, 2, 'eighth')] 
>>> unitSpec(quarterLengthToDurations(1.0/6.0))
[(0.1666..., '16th', 0, 3, 2, '16th')] 



.. function:: quarterLengthToTuplet(qLen, maxToReturn=4)

Returns a list of possible Tuplet objects for a given qLen up to the maxToReturn Searches for numerators specified in duration.defaultTupletNumerators (3, 5, 7, 11, 13) does not return dotted tuplets, nor nested tuplets. (was quarterLengthToTupletCandidate) Note that 4:3 tuplets won't be found, but will be found as dotted notes by dottedMatch 

>>> quarterLengthToTuplet(.33333333)
[<music21.duration.Tuplet 3/2/eighth>, <music21.duration.Tuplet 3/1/quarter>] 
By specifying only 1 count, the a single-length list containing the Tuplet with the 
smallest type will be returned. 
>>> quarterLengthToTuplet(.3333333, 1)
[<music21.duration.Tuplet 3/2/eighth>] 
>>> quarterLengthToTuplet(.20)
[<music21.duration.Tuplet 5/4/16th>, <music21.duration.Tuplet 5/2/eighth>, <music21.duration.Tuplet 5/1/quarter>] 
>>> c = quarterLengthToTuplet(.3333333, 1)[0]
>>> c.tupletMultiplier()
0.6666... 

.. function:: roundDuration(qLen)


.. function:: typeToMusicXMLType(value)

Convert a MusicXML type to an m21 type. 

>>> typeToMusicXMLType('longa')
'long' 
>>> typeToMusicXMLType('quarter')
'quarter' 

.. function:: unitSpec(durationObjectOrObjects)

simple representation of most durationObjects. works on a single DurationObject or a List of them, returning a list of unitSpecs if given a list otherwise returns a single one A unitSpec is a tuple of qLen, durType, dots, tupleNumerator, tupletDenominator, tupletType (assuming top and bottom are the same). Does not deal with nested tuplets, etc. 

.. function:: updateTupletType(durationList)

Given a list of Durations or DurationUnits (not yet working properly), examine each Duration, and each component, and set Tuplet type to start or stop, as necessary. 

>>> a = Duration(); a.quarterLength = .33333
>>> b = Duration(); b.quarterLength = .33333
>>> c = DurationUnit(); c.quarterLength = .33333
>>> d = Duration(); d.quarterLength = 2
>>> e = Duration(); e.quarterLength = .33333
>>> f = DurationUnit(); f.quarterLength = .33333
>>> g = Duration(); g.quarterLength = .33333
>>> a.tuplets[0].type == None
True 
>>> updateTupletType([a, b, c, d, e, f, g])
>>> a.tuplets[0].type == 'start'
True 
>>> b.tuplets[0].type == None
True 
>>> c.tuplets[0].type == 'stop'
True 
>>> e.tuplets[0].type == 'start'
True 
>>> g.tuplets[0].type == 'stop'
True 

Class Duration
--------------

.. class:: Duration

    Durations are one of the most important objects in music21.  A Duration represents a span of musical time measurable in terms of quarter notes (or in advanced usage other units).  For instance, "57 quarter notes" or "dotted half tied to quintuplet sixteenth note" or simply "quarter note" 

    A Duration is made of one or more DurationUnits. Multiple DurationUnits in a single Duration may be used to express tied notes, or may be used to split duration across barlines or beam groups. Some Durations are not expressable as a single notation unit. 

    Class inherits from: :class:`music21.duration.DurationCommon`

    **Class Duration** **Attributes**

    .. attribute:: linkages

    No documentation. 

    **Class Duration** **Properties**

    .. attribute:: components

    No documentation. 

    .. attribute:: dots

    Returns the number of dots in the Duration if it is a simple Duration.  Otherwise raises error. 

    .. attribute:: isComplex

    No documentation. 

    .. attribute:: lily

    Simple lily duration: does not include tuplets These are taken care of in the lily processing in stream.Stream since lilypond requires tuplets to be in groups 

    

    .. attribute:: musicxml

    Return a complete MusicXML string with defaults. 

    .. attribute:: mx

    Returns a list of one or more musicxml.Note() objects with all rhythms and ties necessary. mxNote objects are incompletely specified, lacking full representation and information on pitch, etc. 

    >>> a = Duration()
    >>> a.quarterLength = 3
    >>> b = a.mx
    >>> len(b) == 1
    True 
    >>> isinstance(b[0], musicxmlMod.Note)
    True 
    >>> a = Duration()
    >>> a.quarterLength = .33333333
    >>> b = a.mx
    >>> len(b) == 1
    True 
    >>> isinstance(b[0], musicxmlMod.Note)
    True 

    .. attribute:: quarterLength

    Can be the same as the base class. 

    .. attribute:: tuplets

    No documentation. 

    .. attribute:: type

    Get the duration type. 

    **Class Duration** **Methods**

    .. method:: __init__()

    First positional argument is assumed to be type string or a quarterLength. 

    .. method:: addDuration(dur)

    Add a DurationUnit or a Duration's components to this Duration. 

    >>> a = Duration('quarter')
    >>> b = Duration('quarter')
    >>> a.addDuration(b)
    >>> a.quarterLength
    2.0 
    >>> a.type
    'complex' 

    .. method:: appendTuplet(newTuplet)

    No documentation. 

    .. method:: clear()

    Permit all componets to be removed. (It is not clear yet if this is needed) 

    >>> a = Duration()
    >>> a.quarterLength = 4
    >>> a.type
    'whole' 
    >>> a.clear()
    >>> a.quarterLength
    0.0 
    >>> a.type
    'zero' 

    .. method:: componentIndexAtQtrPosition(quarterPosition)

    returns the index number of the duration component sounding at the given quarter position. Note that for 0 and the last value, the object is returned. 

    >>> components = []
    TODO: remove "for x in [1,1,1]" notation; it's confusing (Perl-like) 
    better is just to copy and paste three times.  Very easy to see what 
    is happening. 
    >>> for x in [1,1,1]:
    ...   components.append(Duration('quarter')) 
    >>> a = Duration()
    >>> a.components = components
    >>> a.updateQuarterLength()
    >>> a.quarterLength
    3.0 
    >>> a.componentIndexAtQtrPosition(.5)
    0 
    >>> a.componentIndexAtQtrPosition(1.5)
    1 
    >>> a.componentIndexAtQtrPosition(2.5)
    2 
    this is odd behavior: 
    e.g. given d1, d2, d3 as 3 quarter notes and 
    self.components = [d1, d2, d3] 
    then 
    self.componentIndexAtQtrPosition(1.5) == d2 
    self.componentIndexAtQtrPosition(2.0) == d3 
    self.componentIndexAtQtrPosition(2.5) == d3 

    .. method:: componentStartTime(componentIndex)

    For a valid component index value, this returns the quarter note offset at which that component would start. This does not handle fractional arguments. 

    >>> components = []
    >>> for x in [1,1,1]:
    ...    components.append(Duration('quarter')) 
    >>> a = Duration()
    >>> a.components = components
    >>> a.updateQuarterLength()
    >>> a.quarterLength
    3.0 
    >>> a.componentStartTime(0)
    0.0 
    >>> a.componentStartTime(1)
    1.0 

    .. method:: consolidate()

    Given a Duration with multiple components, consolidate into a single Duration. This can only be based on quarterLength; this is destructive: information is lost from coponents. This cannot be done for all Durations. 

    >>> a = Duration()
    >>> a.fill(['quarter', 'half', 'quarter'])
    >>> a.quarterLength
    4.0 
    >>> len(a.components)
    3 
    >>> a.consolidate()
    >>> a.quarterLength
    4.0 
    >>> len(a.components)
    1 
    But it gains a type! 
    >>> a.type
    'whole' 

    .. method:: expand(qLenDiv=4)

    Make a duration notatable by partitioning it into smaller units (default qLenDiv = 4 (whole note)).  uses partitionQuarterLength 

    .. method:: fill(quarterLengthList=['quarter', 'half', 'quarter'])

    Utility method for testing; a quick way to fill components. This will remove any exisiting values. 

    .. method:: show(format=musicxml)

    This might need to return the file path. 

    .. method:: sliceComponentAtPosition(quarterPosition)

    Given a quarter position within a component, divide that component into two components. 

    >>> a = Duration()
    >>> a.clear() # need to remove default
    >>> components = []
    >>> a.addDuration(Duration('quarter'))
    >>> a.addDuration(Duration('quarter'))
    >>> a.addDuration(Duration('quarter'))
    >>> a.quarterLength
    3.0 
    >>> a.sliceComponentAtPosition(.5)
    >>> a.quarterLength
    3.0 
    >>> len(a.components)
    4 
    >>> a.components[0].type
    'eighth' 
    >>> a.components[1].type
    'eighth' 
    >>> a.components[2].type
    'quarter' 

    .. method:: updateQuarterLength()

    Look to components and determine quarter length. 

    .. method:: write(fmt=musicxml, fp=None)

    Write a file in the given format (default, musicxml) A None file path will result in temporary file 

    Methods inherited from :class:`music21.duration.DurationCommon`: :meth:`music21.duration.DurationCommon.aggregateTupletRatio`


Class Tuplet
------------

.. class:: Tuplet

    tuplet class: creates tuplet objects which modify duration objects note that this is a duration modifier.  We should also have a tupletGroup object that groups note objects into larger groups. 

    >>> myTup = Tuplet(numberNotesActual = 5, numberNotesNormal = 4)
    >>> print(myTup.tupletMultiplier())
    0.8 
    >>> myTup2 = Tuplet(8, 5)
    >>> print(myTup2.tupletMultiplier())
    0.625 
    >>> myTup2 = Tuplet(6, 4, "16th")
    >>> print(myTup2.durationActual.type)
    16th 
    >>> print(myTup2.tupletMultiplier())
    0.666... 

    
    Tuplets may be frozen, in which case they become immutable.  Tuplets 
    which are attached to Durations are automatically frozen 
    # TODO: use __setattr__ to freeze all properties, and make a metaclass 
    # exceptions: tuplet type, tuplet id: things that don't affect length 
    >>> myTup.frozen = True
    >>> myTup.tupletActual = [3, 2]
    Traceback (most recent call last): 
    ... 
    TupletException: A frozen tuplet (or one attached to a duration) is immutable 
    >>> myHalf = Duration("half")
    >>> myHalf.appendTuplet(myTup2)
    >>> myTup2.tupletActual = [5, 4]
    Traceback (most recent call last): 
    ... 
    TupletException: A frozen tuplet (or one attached to a duration) is immutable 

    

    **Class Tuplet** **Attributes**

    .. attribute:: frozen

    No documentation. 

    .. attribute:: tupletActualShow

    No documentation. 

    .. attribute:: placement

    No documentation. 

    .. attribute:: numberNotesActual

    No documentation. 

    .. attribute:: tupletId

    No documentation. 

    .. attribute:: nestedLevel

    No documentation. 

    .. attribute:: bracket

    No documentation. 

    .. attribute:: tupletNormalShow

    No documentation. 

    .. attribute:: type

    No documentation. 

    .. attribute:: durationActual

    A DurationUnit is a notation that (generally) can be notated with a a single notation unit, such as one note, without a tie. In general, Duration should be used. Like Durations, DurationUnits have the option of unlinking the quarterLength and its representation on the page.  For instance, in 12/16, Brahms sometimes used a dotted half note to indicate the length of 11/16th of a note. (see Don Byrd's Extreme Notation webpage for more information). Additional types are needed: 'zero' type for zero durations 'unexpressable' type for anything that needs a Duration (such as 2.5 quarters) 

    .. attribute:: numberNotesNormal

    No documentation. 

    .. attribute:: durationNormal

    A DurationUnit is a notation that (generally) can be notated with a a single notation unit, such as one note, without a tie. In general, Duration should be used. Like Durations, DurationUnits have the option of unlinking the quarterLength and its representation on the page.  For instance, in 12/16, Brahms sometimes used a dotted half note to indicate the length of 11/16th of a note. (see Don Byrd's Extreme Notation webpage for more information). Additional types are needed: 'zero' type for zero durations 'unexpressable' type for anything that needs a Duration (such as 2.5 quarters) 

    **Class Tuplet** **Properties**

    .. attribute:: mx

    From this object return both an mxTimeModification object and an mxTuplet object configured for this Triplet. mxTuplet needs to be on the Notes mxNotations field 

    >>> a = Tuplet()
    >>> a.bracket = True
    >>> b, c = a.mx

    .. attribute:: tupletActual

    No documentation. 

    .. attribute:: tupletNormal

    No documentation. 

    **Class Tuplet** **Methods**

    .. method:: __init__()

    No documentation. 

    .. method:: setDurationType(type)

    Set the Duration for both actual and normal. 

    >>> a = Tuplet()
    >>> a.tupletMultiplier()
    0.666... 
    >>> a.totalTupletLength()
    1.0 
    >>> a.setDurationType('half')
    >>> a.tupletMultiplier()
    0.6666... 
    >>> a.totalTupletLength()
    4.0 

    .. method:: setRatio(actual, normal)

    Set the ratio of actual divisions to represented in normal divisions. A triplet is 3 actual in the time of 2 normal. 

    >>> a = Tuplet()
    >>> a.tupletMultiplier()
    0.666... 
    >>> a.setRatio(6,2)
    >>> a.tupletMultiplier()
    0.333... 
    One way of expressing 6/4-ish triplets without numbers: 
    >>> a = Tuplet()
    >>> a.setRatio(3,1)
    >>> a.durationActual = DurationUnit('quarter')
    >>> a.durationNormal = DurationUnit('half')
    >>> a.tupletMultiplier()
    0.666... 
    >>> a.totalTupletLength()
    2.0 

    .. method:: totalTupletLength()

    The total length in quarters of the tuplet as defined, assuming that enough notes existed to fill all entire tuplet as defined. For instance, 3 quarters in the place of 2 quarters = 2.0 5 half notes in the place of a 2 dotted half notes = 6.0 (In the end it's only the denominator that matters) 

    >>> a = Tuplet()
    >>> a.totalTupletLength()
    1.0 
    >>> a.numberNotesActual = 3
    >>> a.durationActual = Duration('half')
    >>> a.numberNotesNormal = 2
    >>> a.durationNormal = Duration('half')
    >>> a.totalTupletLength()
    4.0 
    >>> a.setRatio(5,4)
    >>> a.totalTupletLength()
    8.0 
    >>> a.setRatio(5,2)
    >>> a.totalTupletLength()
    4.0 

    .. method:: tupletMultiplier()

    Get a floating point value by which to scale the duration that this Tuplet is associated with. 

    >>> myTuplet = Tuplet()
    >>> print(round(myTuplet.tupletMultiplier(), 3))
    0.667 
    >>> myTuplet.tupletActual = [5, Duration('eighth')]
    >>> myTuplet.numberNotesActual
    5 
    >>> myTuplet.durationActual.type
    'eighth' 
    >>> print(myTuplet.tupletMultiplier())
    0.4 


Class AppogiaturaStartDuration
------------------------------

.. class:: AppogiaturaStartDuration


    Class inherits from: :class:`music21.duration.Duration`, :class:`music21.duration.DurationCommon`

    **Class AppogiaturaStartDuration** **Attributes**

    Attributes inherited from :class:`music21.duration.Duration`: :attr:`music21.duration.Duration.linkages`

    **Class AppogiaturaStartDuration** **Properties**

    Properties inherited from :class:`music21.duration.Duration`: :attr:`music21.duration.Duration.components`, :attr:`music21.duration.Duration.dots`, :attr:`music21.duration.Duration.isComplex`, :attr:`music21.duration.Duration.lily`, :attr:`music21.duration.Duration.musicxml`, :attr:`music21.duration.Duration.mx`, :attr:`music21.duration.Duration.quarterLength`, :attr:`music21.duration.Duration.tuplets`, :attr:`music21.duration.Duration.type`

    **Class AppogiaturaStartDuration** **Methods**

    Methods inherited from :class:`music21.duration.Duration`: :meth:`music21.duration.Duration.__init__`, :meth:`music21.duration.Duration.addDuration`, :meth:`music21.duration.Duration.appendTuplet`, :meth:`music21.duration.Duration.clear`, :meth:`music21.duration.Duration.componentIndexAtQtrPosition`, :meth:`music21.duration.Duration.componentStartTime`, :meth:`music21.duration.Duration.consolidate`, :meth:`music21.duration.Duration.expand`, :meth:`music21.duration.Duration.fill`, :meth:`music21.duration.Duration.show`, :meth:`music21.duration.Duration.sliceComponentAtPosition`, :meth:`music21.duration.Duration.updateQuarterLength`, :meth:`music21.duration.Duration.write`

    Methods inherited from :class:`music21.duration.DurationCommon`: :meth:`music21.duration.DurationCommon.aggregateTupletRatio`


Class AppogiaturaStopDuration
-----------------------------

.. class:: AppogiaturaStopDuration


    Class inherits from: :class:`music21.duration.Duration`, :class:`music21.duration.DurationCommon`

    **Class AppogiaturaStopDuration** **Attributes**

    Attributes inherited from :class:`music21.duration.Duration`: :attr:`music21.duration.Duration.linkages`

    **Class AppogiaturaStopDuration** **Properties**

    Properties inherited from :class:`music21.duration.Duration`: :attr:`music21.duration.Duration.components`, :attr:`music21.duration.Duration.dots`, :attr:`music21.duration.Duration.isComplex`, :attr:`music21.duration.Duration.lily`, :attr:`music21.duration.Duration.musicxml`, :attr:`music21.duration.Duration.mx`, :attr:`music21.duration.Duration.quarterLength`, :attr:`music21.duration.Duration.tuplets`, :attr:`music21.duration.Duration.type`

    **Class AppogiaturaStopDuration** **Methods**

    Methods inherited from :class:`music21.duration.Duration`: :meth:`music21.duration.Duration.__init__`, :meth:`music21.duration.Duration.addDuration`, :meth:`music21.duration.Duration.appendTuplet`, :meth:`music21.duration.Duration.clear`, :meth:`music21.duration.Duration.componentIndexAtQtrPosition`, :meth:`music21.duration.Duration.componentStartTime`, :meth:`music21.duration.Duration.consolidate`, :meth:`music21.duration.Duration.expand`, :meth:`music21.duration.Duration.fill`, :meth:`music21.duration.Duration.show`, :meth:`music21.duration.Duration.sliceComponentAtPosition`, :meth:`music21.duration.Duration.updateQuarterLength`, :meth:`music21.duration.Duration.write`

    Methods inherited from :class:`music21.duration.DurationCommon`: :meth:`music21.duration.DurationCommon.aggregateTupletRatio`


Class DurationCommon
--------------------

.. class:: DurationCommon

    base class for Duration and DurationUnit to borrow from 

    

    **Class DurationCommon** **Methods**

    .. method:: aggregateTupletRatio()

    say you have 3:2 under a 5:4.  This will give the equivalent in non-nested tuplets. Returns a tuple! (15, 8) in this case. Needed for MusicXML time-modification 

    >>> complexDur = Duration('eighth')
    >>> complexDur.appendTuplet(Tuplet())
    >>> complexDur.aggregateTupletRatio()
    (3, 2) 
    >>> tup2 = Tuplet()
    >>> tup2.setRatio(5, 4)
    >>> complexDur.appendTuplet(tup2)
    >>> complexDur.aggregateTupletRatio()
    (15, 8) 


Class DurationUnit
------------------

.. class:: DurationUnit

    A DurationUnit is a notation that (generally) can be notated with a a single notation unit, such as one note, without a tie. In general, Duration should be used. Like Durations, DurationUnits have the option of unlinking the quarterLength and its representation on the page.  For instance, in 12/16, Brahms sometimes used a dotted half note to indicate the length of 11/16th of a note. (see Don Byrd's Extreme Notation webpage for more information). Additional types are needed: 'zero' type for zero durations 'unexpressable' type for anything that needs a Duration (such as 2.5 quarters) 

    Class inherits from: :class:`music21.duration.DurationCommon`

    **Class DurationUnit** **Attributes**

    .. attribute:: linkStatus

    No documentation. 

    **Class DurationUnit** **Properties**

    .. attribute:: dots

    _dots is a list (so we can do weird things like Crumb half-dots) Normally we only want the first element. So that's what _getDots returns... 

    .. attribute:: lily

    Simple lily duration: does not include tuplets; these appear in the Stream object, because of how lily represents triplets 

    .. attribute:: ordinal

    Converts type to an ordinal number where maxima = 1 and 1024th = 14; whole = 4 and quarter = 6 based on duration.ordinalTypeFromNum 

    >>> a = DurationUnit('whole')
    >>> a.ordinal
    4 
    >>> b = DurationUnit('maxima')
    >>> b.ordinal
    1 
    >>> c = DurationUnit('1024th')
    >>> c.ordinal
    14 

    .. attribute:: quarterLength

    determine the length in quarter notes from current information 

    .. attribute:: tuplets

    Return a tuple of Tuplet objects 

    .. attribute:: type

    Get the duration type. 

    **Class DurationUnit** **Methods**

    .. method:: __init__(prototype=quarter)

    No documentation. 

    .. method:: appendTuplet(newTuplet)

    No documentation. 

    .. method:: link()

    No documentation. 

    .. method:: setTypeFromNum(typeNum)

    No documentation. 

    .. method:: unlink()

    No documentation. 

    .. method:: updateQuarterLength()

    Updates the quarterLength if linkStatus is True Called by self._getQuarterLength if _quarterLengthNeedsUpdating is set to True. (use self.quarterLength = X to set) 

    .. method:: updateType()

    No documentation. 

    Methods inherited from :class:`music21.duration.DurationCommon`: :meth:`music21.duration.DurationCommon.aggregateTupletRatio`


Class GraceDuration
-------------------

.. class:: GraceDuration


    Class inherits from: :class:`music21.duration.Duration`, :class:`music21.duration.DurationCommon`

    **Class GraceDuration** **Attributes**

    Attributes inherited from :class:`music21.duration.Duration`: :attr:`music21.duration.Duration.linkages`

    **Class GraceDuration** **Properties**

    Properties inherited from :class:`music21.duration.Duration`: :attr:`music21.duration.Duration.components`, :attr:`music21.duration.Duration.dots`, :attr:`music21.duration.Duration.isComplex`, :attr:`music21.duration.Duration.lily`, :attr:`music21.duration.Duration.musicxml`, :attr:`music21.duration.Duration.mx`, :attr:`music21.duration.Duration.quarterLength`, :attr:`music21.duration.Duration.tuplets`, :attr:`music21.duration.Duration.type`

    **Class GraceDuration** **Methods**

    .. method:: __init__()

    No documentation. 

    Methods inherited from :class:`music21.duration.Duration`: :meth:`music21.duration.Duration.addDuration`, :meth:`music21.duration.Duration.appendTuplet`, :meth:`music21.duration.Duration.clear`, :meth:`music21.duration.Duration.componentIndexAtQtrPosition`, :meth:`music21.duration.Duration.componentStartTime`, :meth:`music21.duration.Duration.consolidate`, :meth:`music21.duration.Duration.expand`, :meth:`music21.duration.Duration.fill`, :meth:`music21.duration.Duration.show`, :meth:`music21.duration.Duration.sliceComponentAtPosition`, :meth:`music21.duration.Duration.updateQuarterLength`, :meth:`music21.duration.Duration.write`

    Methods inherited from :class:`music21.duration.DurationCommon`: :meth:`music21.duration.DurationCommon.aggregateTupletRatio`


Class LongGraceDuration
-----------------------

.. class:: LongGraceDuration


    Class inherits from: :class:`music21.duration.Duration`, :class:`music21.duration.DurationCommon`

    **Class LongGraceDuration** **Attributes**

    Attributes inherited from :class:`music21.duration.Duration`: :attr:`music21.duration.Duration.linkages`

    **Class LongGraceDuration** **Properties**

    Properties inherited from :class:`music21.duration.Duration`: :attr:`music21.duration.Duration.components`, :attr:`music21.duration.Duration.dots`, :attr:`music21.duration.Duration.isComplex`, :attr:`music21.duration.Duration.lily`, :attr:`music21.duration.Duration.musicxml`, :attr:`music21.duration.Duration.mx`, :attr:`music21.duration.Duration.quarterLength`, :attr:`music21.duration.Duration.tuplets`, :attr:`music21.duration.Duration.type`

    **Class LongGraceDuration** **Methods**

    .. method:: __init__()

    No documentation. 

    Methods inherited from :class:`music21.duration.Duration`: :meth:`music21.duration.Duration.addDuration`, :meth:`music21.duration.Duration.appendTuplet`, :meth:`music21.duration.Duration.clear`, :meth:`music21.duration.Duration.componentIndexAtQtrPosition`, :meth:`music21.duration.Duration.componentStartTime`, :meth:`music21.duration.Duration.consolidate`, :meth:`music21.duration.Duration.expand`, :meth:`music21.duration.Duration.fill`, :meth:`music21.duration.Duration.show`, :meth:`music21.duration.Duration.sliceComponentAtPosition`, :meth:`music21.duration.Duration.updateQuarterLength`, :meth:`music21.duration.Duration.write`

    Methods inherited from :class:`music21.duration.DurationCommon`: :meth:`music21.duration.DurationCommon.aggregateTupletRatio`


Class ZeroDuration
------------------

.. class:: ZeroDuration


    Class inherits from: :class:`music21.duration.DurationUnit`, :class:`music21.duration.DurationCommon`

    **Class ZeroDuration** **Attributes**

    Attributes inherited from :class:`music21.duration.DurationUnit`: :attr:`music21.duration.DurationUnit.linkStatus`

    **Class ZeroDuration** **Properties**

    Properties inherited from :class:`music21.duration.DurationUnit`: :attr:`music21.duration.DurationUnit.dots`, :attr:`music21.duration.DurationUnit.lily`, :attr:`music21.duration.DurationUnit.ordinal`, :attr:`music21.duration.DurationUnit.quarterLength`, :attr:`music21.duration.DurationUnit.tuplets`, :attr:`music21.duration.DurationUnit.type`

    **Class ZeroDuration** **Methods**

    .. method:: __init__()

    No documentation. 

    Methods inherited from :class:`music21.duration.DurationUnit`: :meth:`music21.duration.DurationUnit.appendTuplet`, :meth:`music21.duration.DurationUnit.link`, :meth:`music21.duration.DurationUnit.setTypeFromNum`, :meth:`music21.duration.DurationUnit.unlink`, :meth:`music21.duration.DurationUnit.updateQuarterLength`, :meth:`music21.duration.DurationUnit.updateType`

    Methods inherited from :class:`music21.duration.DurationCommon`: :meth:`music21.duration.DurationCommon.aggregateTupletRatio`


